###############################################################################
#                                                                             #
# IAR ELF Linker V6.40.1.53790/W32 for ARM              16/Aug/2015  15:01:06 #
# Copyright 2007-2012 IAR Systems AB.                                         #
#                                                                             #
#    Output file  =  E:\Codes\ac_charging\GB_3B_1G_CHARGING\proj\Debug\Exe\lp #
#                    c17xx.out.tmp                                            #
#    Map file     =  E:\Codes\ac_charging\GB_3B_1G_CHARGING\proj\Debug\List\l #
#                    pc17xx.map                                               #
#    Command line =  E:\Codes\ac_charging\GB_3B_1G_CHARGING\proj\Debug\Obj\Ad #
#                    .o E:\Codes\ac_charging\GB_3B_1G_CHARGING\proj\Debug\Obj #
#                    \Analog.o E:\Codes\ac_charging\GB_3B_1G_CHARGING\proj\De #
#                    bug\Obj\Cans.o E:\Codes\ac_charging\GB_3B_1G_CHARGING\pr #
#                    oj\Debug\Obj\Charging.o E:\Codes\ac_charging\GB_3B_1G_CH #
#                    ARGING\proj\Debug\Obj\Dio.o                              #
#                    E:\Codes\ac_charging\GB_3B_1G_CHARGING\proj\Debug\Obj\Di #
#                    sp.o E:\Codes\ac_charging\GB_3B_1G_CHARGING\proj\Debug\O #
#                    bj\Eeprom.o E:\Codes\ac_charging\GB_3B_1G_CHARGING\proj\ #
#                    Debug\Obj\Fontlib.o E:\Codes\ac_charging\GB_3B_1G_CHARGI #
#                    NG\proj\Debug\Obj\GPRS.o E:\Codes\ac_charging\GB_3B_1G_C #
#                    HARGING\proj\Debug\Obj\Key.o                             #
#                    E:\Codes\ac_charging\GB_3B_1G_CHARGING\proj\Debug\Obj\Lc #
#                    d.o E:\Codes\ac_charging\GB_3B_1G_CHARGING\proj\Debug\Ob #
#                    j\Main.o E:\Codes\ac_charging\GB_3B_1G_CHARGING\proj\Deb #
#                    ug\Obj\Meter.o E:\Codes\ac_charging\GB_3B_1G_CHARGING\pr #
#                    oj\Debug\Obj\Peer.o E:\Codes\ac_charging\GB_3B_1G_CHARGI #
#                    NG\proj\Debug\Obj\Rtc.o E:\Codes\ac_charging\GB_3B_1G_CH #
#                    ARGING\proj\Debug\Obj\Uart.o                             #
#                    E:\Codes\ac_charging\GB_3B_1G_CHARGING\proj\Debug\Obj\hw #
#                    tst.o E:\Codes\ac_charging\GB_3B_1G_CHARGING\proj\Debug\ #
#                    Obj\lpc177x_8x_adc.o E:\Codes\ac_charging\GB_3B_1G_CHARG #
#                    ING\proj\Debug\Obj\lpc177x_8x_can.o                      #
#                    E:\Codes\ac_charging\GB_3B_1G_CHARGING\proj\Debug\Obj\lp #
#                    c177x_8x_clkpwr.o E:\Codes\ac_charging\GB_3B_1G_CHARGING #
#                    \proj\Debug\Obj\lpc177x_8x_crc.o                         #
#                    E:\Codes\ac_charging\GB_3B_1G_CHARGING\proj\Debug\Obj\lp #
#                    c177x_8x_eeprom.o E:\Codes\ac_charging\GB_3B_1G_CHARGING #
#                    \proj\Debug\Obj\lpc177x_8x_gpdma.o                       #
#                    E:\Codes\ac_charging\GB_3B_1G_CHARGING\proj\Debug\Obj\lp #
#                    c177x_8x_gpio.o E:\Codes\ac_charging\GB_3B_1G_CHARGING\p #
#                    roj\Debug\Obj\lpc177x_8x_i2c.o                           #
#                    E:\Codes\ac_charging\GB_3B_1G_CHARGING\proj\Debug\Obj\lp #
#                    c177x_8x_mci.o E:\Codes\ac_charging\GB_3B_1G_CHARGING\pr #
#                    oj\Debug\Obj\lpc177x_8x_nvic.o                           #
#                    E:\Codes\ac_charging\GB_3B_1G_CHARGING\proj\Debug\Obj\lp #
#                    c177x_8x_pinsel.o E:\Codes\ac_charging\GB_3B_1G_CHARGING #
#                    \proj\Debug\Obj\lpc177x_8x_rtc.o                         #
#                    E:\Codes\ac_charging\GB_3B_1G_CHARGING\proj\Debug\Obj\lp #
#                    c177x_8x_ssp.o E:\Codes\ac_charging\GB_3B_1G_CHARGING\pr #
#                    oj\Debug\Obj\lpc177x_8x_systick.o                        #
#                    E:\Codes\ac_charging\GB_3B_1G_CHARGING\proj\Debug\Obj\lp #
#                    c177x_8x_timer.o E:\Codes\ac_charging\GB_3B_1G_CHARGING\ #
#                    proj\Debug\Obj\lpc177x_8x_uart.o                         #
#                    E:\Codes\ac_charging\GB_3B_1G_CHARGING\proj\Debug\Obj\st #
#                    artup_LPC177x_8x.o E:\Codes\ac_charging\GB_3B_1G_CHARGIN #
#                    G\proj\Debug\Obj\system_LPC177x_8x.o -o                  #
#                    E:\Codes\ac_charging\GB_3B_1G_CHARGING\proj\Debug\Exe\lp #
#                    c17xx.out.tmp --redirect _Printf=_PrintfFull --redirect  #
#                    _Scanf=_ScanfFull --map E:\Codes\ac_charging\GB_3B_1G_CH #
#                    ARGING\proj\Debug\List\lpc17xx.map --config "C:\Program  #
#                    Files (x86)\IAR Systems\Embedded Workbench               #
#                    6.4\arm\config\linker\NXP\LPC1778.icf" --semihosting     #
#                    --entry __iar_program_start --vfe                        #
#                                                                             #
#                                                                             #
###############################################################################

*******************************************************************************
*** RUNTIME MODEL ATTRIBUTES
***

CppFlavor       = *
__SystemLibrary = DLib


*******************************************************************************
*** PLACEMENT SUMMARY
***

"A1":  place at 0x00000000 { ro section .intvec };
"P1":  place in [from 0x00000000 to 0x000002fb] |
                [from 0x00000300 to 0x0007ffff] { ro };
"P2":  place in [from 0x10000000 to 0x1000ffdf] { rw, block CSTACK, block HEAP };
"P3":  place in [from 0x000002fc to 0x000002ff] { section .crp };

  Section            Kind        Address    Size  Object
  -------            ----        -------    ----  ------
"A1":                                       0xe4
  .intvec            ro code  0x00000000    0xe4  startup_LPC177x_8x.o [1]
                            - 0x000000e4    0xe4

"P1", part 1 of 2:                         0x120
  Initializer bytes  ro data  0x000000e4   0x120  <for P2 s0>
                            - 0x00000204   0x120

"P3":                                        0x4
  .crp               ro code  0x000002fc     0x4  startup_LPC177x_8x.o [1]
                            - 0x00000300     0x4

"P1", part 2 of 2:                        0x7094
  .text              ro code  0x00000300   0xc24  GPRS.o [1]
  .text              ro code  0x00000f24   0x8e4  Uart.o [1]
  .text              ro code  0x00001808    0x16  Main.o [1]
  .text              ro code  0x0000181e    0x2e  copy_init3.o [5]
  .text              ro code  0x0000184c   0x4bc  Dio.o [1]
  .text              ro code  0x00001d08   0x3d8  lpc177x_8x_gpdma.o [1]
  .text              ro code  0x000020e0   0x564  lpc177x_8x_uart.o [1]
  .text              ro code  0x00002644    0x6e  lpc177x_8x_pinsel.o [1]
  .text              ro code  0x000026b2    0x22  zero_init3.o [5]
  .text              ro code  0x000026d4    0x8c  lpc177x_8x_crc.o [1]
  .text              ro code  0x00002760    0x76  ABImemcpy.o [5]
  .rodata            const    0x000027d6     0x2  Dio.o [1]
  .text              ro code  0x000027d8    0xf0  lpc177x_8x_gpio.o [1]
  .text              ro code  0x000028c8    0x68  lpc177x_8x_clkpwr.o [1]
  .text              ro code  0x00002930    0xee  I64DivMod.o [5]
  .text              ro code  0x00002a1e     0x2  startup_LPC177x_8x.o [1]
  .text              ro code  0x00002a20     0x2  I64DivZer.o [5]
  .text              ro code  0x00002a24   0x9d0  Disp.o [1]
  .text              ro code  0x000033f4    0x16  Peer.o [1]
  .text              ro code  0x0000340c   0x468  Lcd.o [1]
  .text              ro code  0x00003874    0x22  Analog.o [1]
  .text              ro code  0x00003898    0x66  ABImemset.o [5]
  .text              ro code  0x00003900   0x11a  lpc177x_8x_ssp.o [1]
  .text              ro code  0x00003a1c   0x164  Ad.o [1]
  .text              ro code  0x00003b80    0xbc  lpc177x_8x_adc.o [1]
  .rodata            const    0x00003c3c   0x7b0  Fontlib.o [1]
  .text              ro code  0x000043ec   0x634  Peer.o [1]
  .text              ro code  0x00004a20   0x1ec  Main.o [1]
  .text              ro code  0x00004c0c   0x134  Eeprom.o [1]
  .text              ro code  0x00004d40   0x3c4  Cans.o [1]
  .text              ro code  0x00005104   0x384  Key.o [1]
  .text              ro code  0x00005488   0x23a  lpc177x_8x_timer.o [1]
  .text              ro code  0x000056c4    0xa0  lpc177x_8x_systick.o [1]
  .text              ro code  0x00005764    0xcc  Rtc.o [1]
  .text              ro code  0x00005830   0x2cc  lpc177x_8x_eeprom.o [1]
  .text              ro code  0x00005afc   0x5f0  Meter.o [1]
  .text              ro code  0x000060ec   0x12c  Charging.o [1]
  .text              ro code  0x00006218   0x43c  lpc177x_8x_can.o [1]
  .text              ro code  0x00006654    0x1e  I32ToFlt.o [4]
  .text              ro code  0x00006674    0x24  FltCmpLe.o [4]
  .text              ro code  0x00006698   0x13e  lpc177x_8x_rtc.o [1]
  .rodata            const    0x000067d8   0x474  Fontlib.o [1]
  .text              ro code  0x00006c4c   0x220  lpc177x_8x_mci.o [1]
  .text              ro code  0x00006e6c    0xdc  system_LPC177x_8x.o [1]
  .rodata            const    0x00006f48    0xa4  Fontlib.o [1]
  .text              ro code  0x00006fec    0x28  data_init3.o [5]
  .iar.init_table    const    0x00007014    0x24  - Linker created -
  .rodata            const    0x00007038    0x20  lpc177x_8x_gpdma.o [1]
  .rodata            const    0x00007058    0x20  lpc177x_8x_gpdma.o [1]
  .text              ro code  0x00007078    0x16  cmain.o [5]
  .text              ro code  0x0000708e     0x4  low_level_init.o [3]
  .text              ro code  0x00007092     0x4  exit.o [3]
  .text              ro code  0x00007098     0xa  cexit.o [5]
  .text              ro code  0x000070a4    0x14  exit.o [6]
  .rodata            const    0x000070b8    0x14  Disp.o [1]
  .rodata            const    0x000070cc    0x14  Disp.o [1]
  .rodata            const    0x000070e0    0x14  Key.o [1]
  .rodata            const    0x000070f4    0x10  Dio.o [1]
  .rodata            const    0x00007104    0x10  Disp.o [1]
  .rodata            const    0x00007114    0x10  Disp.o [1]
  .rodata            const    0x00007124    0x10  Disp.o [1]
  .rodata            const    0x00007134    0x10  Disp.o [1]
  .rodata            const    0x00007144    0x10  Disp.o [1]
  .rodata            const    0x00007154    0x10  Disp.o [1]
  .rodata            const    0x00007164    0x10  Disp.o [1]
  .rodata            const    0x00007174    0x10  Disp.o [1]
  .rodata            const    0x00007184    0x10  Disp.o [1]
  .rodata            const    0x00007194    0x10  Disp.o [1]
  .rodata            const    0x000071a4    0x10  Disp.o [1]
  .rodata            const    0x000071b4    0x10  Disp.o [1]
  .rodata            const    0x000071c4    0x10  Disp.o [1]
  .rodata            const    0x000071d4    0x10  Disp.o [1]
  .rodata            const    0x000071e4    0x10  Disp.o [1]
  .rodata            const    0x000071f4    0x10  Key.o [1]
  .text              ro code  0x00007204    0x10  startup_LPC177x_8x.o [1]
  .rodata            const    0x00007214     0xc  Disp.o [1]
  .rodata            const    0x00007220     0xc  Disp.o [1]
  .rodata            const    0x0000722c     0xc  Disp.o [1]
  .rodata            const    0x00007238     0xc  Disp.o [1]
  .rodata            const    0x00007244     0xc  Disp.o [1]
  .rodata            const    0x00007250     0xc  Disp.o [1]
  .rodata            const    0x0000725c     0xc  Disp.o [1]
  .rodata            const    0x00007268     0xc  Disp.o [1]
  .rodata            const    0x00007274     0xc  Disp.o [1]
  .rodata            const    0x00007280     0xc  Disp.o [1]
  .text              ro code  0x0000728c     0xc  cstartup_M.o [5]
  .rodata            const    0x00007298     0x8  Ad.o [1]
  .rodata            const    0x000072a0     0x8  Cans.o [1]
  .rodata            const    0x000072a8     0x8  Disp.o [1]
  .rodata            const    0x000072b0     0x8  Disp.o [1]
  .rodata            const    0x000072b8     0x8  Disp.o [1]
  .rodata            const    0x000072c0     0x8  Main.o [1]
  .rodata            const    0x000072c8     0x4  Dio.o [1]
  .rodata            const    0x000072cc     0x4  Dio.o [1]
  .text              ro code  0x000072d0     0x4  startup_LPC177x_8x.o [1]
  .text              ro code  0x000072d4     0x4  startup_LPC177x_8x.o [1]
  .text              ro code  0x000072d8     0x4  startup_LPC177x_8x.o [1]
  .text              ro code  0x000072dc     0x4  startup_LPC177x_8x.o [1]
  .text              ro code  0x000072e0     0x4  startup_LPC177x_8x.o [1]
  .text              ro code  0x000072e4     0x4  startup_LPC177x_8x.o [1]
  .text              ro code  0x000072e8     0x4  startup_LPC177x_8x.o [1]
  .text              ro code  0x000072ec     0x4  startup_LPC177x_8x.o [1]
  .text              ro code  0x000072f0     0x4  startup_LPC177x_8x.o [1]
  .text              ro code  0x000072f4     0x4  startup_LPC177x_8x.o [1]
  .text              ro code  0x000072f8     0x4  startup_LPC177x_8x.o [1]
  .text              ro code  0x000072fc     0x4  startup_LPC177x_8x.o [1]
  .text              ro code  0x00007300     0x4  startup_LPC177x_8x.o [1]
  .text              ro code  0x00007304     0x4  startup_LPC177x_8x.o [1]
  .text              ro code  0x00007308     0x4  startup_LPC177x_8x.o [1]
  .text              ro code  0x0000730c     0x4  startup_LPC177x_8x.o [1]
  .text              ro code  0x00007310     0x4  startup_LPC177x_8x.o [1]
  .text              ro code  0x00007314     0x4  startup_LPC177x_8x.o [1]
  .text              ro code  0x00007318     0x4  startup_LPC177x_8x.o [1]
  .text              ro code  0x0000731c     0x4  startup_LPC177x_8x.o [1]
  .text              ro code  0x00007320     0x4  startup_LPC177x_8x.o [1]
  .text              ro code  0x00007324     0x4  startup_LPC177x_8x.o [1]
  .text              ro code  0x00007328     0x4  startup_LPC177x_8x.o [1]
  .text              ro code  0x0000732c     0x4  startup_LPC177x_8x.o [1]
  .text              ro code  0x00007330     0x4  startup_LPC177x_8x.o [1]
  .text              ro code  0x00007334     0x4  startup_LPC177x_8x.o [1]
  .text              ro code  0x00007338     0x4  startup_LPC177x_8x.o [1]
  .text              ro code  0x0000733c     0x4  startup_LPC177x_8x.o [1]
  .text              ro code  0x00007340     0x4  startup_LPC177x_8x.o [1]
  .text              ro code  0x00007344     0x4  startup_LPC177x_8x.o [1]
  .text              ro code  0x00007348     0x4  startup_LPC177x_8x.o [1]
  .text              ro code  0x0000734c     0x4  startup_LPC177x_8x.o [1]
  .text              ro code  0x00007350     0x4  startup_LPC177x_8x.o [1]
  .text              ro code  0x00007354     0x4  startup_LPC177x_8x.o [1]
  .text              ro code  0x00007358     0x4  startup_LPC177x_8x.o [1]
  .text              ro code  0x0000735c     0x4  startup_LPC177x_8x.o [1]
  .text              ro code  0x00007360     0x4  startup_LPC177x_8x.o [1]
  .text              ro code  0x00007364     0x4  startup_LPC177x_8x.o [1]
  .text              ro code  0x00007368     0x4  startup_LPC177x_8x.o [1]
  .text              ro code  0x0000736c     0x4  startup_LPC177x_8x.o [1]
  .text              ro code  0x00007370     0x4  startup_LPC177x_8x.o [1]
  .text              ro code  0x00007374     0x4  startup_LPC177x_8x.o [1]
  .text              ro code  0x00007378     0x4  startup_LPC177x_8x.o [1]
  .text              ro code  0x0000737c     0x4  startup_LPC177x_8x.o [1]
  .text              ro code  0x00007380     0x4  startup_LPC177x_8x.o [1]
  .text              ro code  0x00007384     0x4  startup_LPC177x_8x.o [1]
  .text              ro code  0x00007388     0x4  startup_LPC177x_8x.o [1]
  .text              ro code  0x0000738c     0x4  startup_LPC177x_8x.o [1]
  .text              ro code  0x00007390     0x4  startup_LPC177x_8x.o [1]
  .rodata            const    0x00007394     0x0  zero_init3.o [5]
  .rodata            const    0x00007394     0x0  copy_init3.o [5]
                            - 0x00007394  0x7094

"P2", part 1 of 3:                         0x120
  P2 s0                       0x10000000   0x120  <Init block>
    .data            inited   0x10000000    0x80  lpc177x_8x_gpdma.o [1]
    .data            inited   0x10000080    0x70  Disp.o [1]
    .data            inited   0x100000f0    0x20  lpc177x_8x_gpdma.o [1]
    .data            inited   0x10000110     0x4  system_LPC177x_8x.o [1]
    .data            inited   0x10000114     0x4  system_LPC177x_8x.o [1]
    .data            inited   0x10000118     0x4  system_LPC177x_8x.o [1]
    .data            inited   0x1000011c     0x4  system_LPC177x_8x.o [1]
                            - 0x10000120   0x120

"P2", part 2 of 3:                        0x2ee0
  .bss               zero     0x10000120   0x804  Cans.o [1]
  .bss               zero     0x10000924   0x804  Cans.o [1]
  .bss               zero     0x10001128   0x804  Cans.o [1]
  .bss               zero     0x1000192c   0x804  Cans.o [1]
  .bss               zero     0x10002130   0x400  Eeprom.o [1]
  .bss               zero     0x10002530   0x1c0  Disp.o [1]
  .bss               zero     0x100026f0   0x104  Uart.o [1]
  .bss               zero     0x100027f4   0x104  Uart.o [1]
  .bss               zero     0x100028f8   0x104  Uart.o [1]
  .bss               zero     0x100029fc   0x104  Uart.o [1]
  .bss               zero     0x10002b00   0x104  Uart.o [1]
  .bss               zero     0x10002c04   0x104  Uart.o [1]
  .bss               zero     0x10002d08   0x100  Ad.o [1]
  .bss               zero     0x10002e08    0x40  Lcd.o [1]
  .bss               zero     0x10002e48    0x2c  GPRS.o [1]
  .bss               zero     0x10002e74    0x2c  GPRS.o [1]
  .bss               zero     0x10002ea0    0x24  Uart.o [1]
  .bss               zero     0x10002ec4    0x20  Main.o [1]
  .bss               zero     0x10002ee4    0x20  Rtc.o [1]
  .bss               zero     0x10002f04    0x18  Key.o [1]
  .bss               zero     0x10002f1c    0x14  Disp.o [1]
  .bss               zero     0x10002f30    0x10  Analog.o [1]
  .bss               zero     0x10002f40     0x8  Ad.o [1]
  .bss               zero     0x10002f48     0x8  Main.o [1]
  .bss               zero     0x10002f50     0x4  Cans.o [1]
  .bss               zero     0x10002f54     0x4  Charging.o [1]
  .bss               zero     0x10002f58     0x4  Charging.o [1]
  .bss               zero     0x10002f5c     0x4  Disp.o [1]
  .bss               zero     0x10002f60     0x4  Disp.o [1]
  .bss               zero     0x10002f64     0x4  Disp.o [1]
  .bss               zero     0x10002f68     0x4  Disp.o [1]
  .bss               zero     0x10002f6c     0x4  Disp.o [1]
  .bss               zero     0x10002f70     0x4  Disp.o [1]
  .bss               zero     0x10002f74     0x4  GPRS.o [1]
  .bss               zero     0x10002f78     0x4  GPRS.o [1]
  .bss               zero     0x10002f7c     0x4  GPRS.o [1]
  .bss               zero     0x10002f80     0x4  GPRS.o [1]
  .bss               zero     0x10002f84     0x4  GPRS.o [1]
  .bss               zero     0x10002f88     0x4  GPRS.o [1]
  .bss               zero     0x10002f8c     0x4  Main.o [1]
  .bss               zero     0x10002f90     0x4  Meter.o [1]
  .bss               zero     0x10002f94     0x4  Meter.o [1]
  .bss               zero     0x10002f98     0x4  Meter.o [1]
  .bss               zero     0x10002f9c     0x4  Meter.o [1]
  .bss               zero     0x10002fa0     0x4  Meter.o [1]
  .bss               zero     0x10002fa4     0x4  Peer.o [1]
  .bss               zero     0x10002fa8     0x4  Peer.o [1]
  .bss               zero     0x10002fac     0x4  Uart.o [1]
  .bss               zero     0x10002fb0     0x4  Uart.o [1]
  .bss               zero     0x10002fb4     0x4  Uart.o [1]
  .bss               zero     0x10002fb8     0x4  lpc177x_8x_mci.o [1]
  .bss               zero     0x10002fbc     0x4  lpc177x_8x_mci.o [1]
  .bss               zero     0x10002fc0     0x4  lpc177x_8x_mci.o [1]
  .bss               zero     0x10002fc4     0x4  lpc177x_8x_mci.o [1]
  .bss               zero     0x10002fc8     0x4  lpc177x_8x_mci.o [1]
  .bss               zero     0x10002fcc     0x2  Dio.o [1]
  .bss               zero     0x10002fce     0x2  Dio.o [1]
  .bss               zero     0x10002fd0     0x2  Dio.o [1]
  .bss               zero     0x10002fd2     0x2  Dio.o [1]
  .bss               zero     0x10002fd4     0x2  GPRS.o [1]
  .bss               zero     0x10002fd6     0x2  GPRS.o [1]
  .bss               zero     0x10002fd8     0x2  Main.o [1]
  .bss               zero     0x10002fda     0x2  Meter.o [1]
  .bss               zero     0x10002fdc     0x1  Charging.o [1]
  .bss               zero     0x10002fdd     0x1  Charging.o [1]
  .bss               zero     0x10002fde     0x1  Charging.o [1]
  .bss               zero     0x10002fdf     0x1  Charging.o [1]
  .bss               zero     0x10002fe0     0x1  Charging.o [1]
  .bss               zero     0x10002fe1     0x1  Charging.o [1]
  .bss               zero     0x10002fe2     0x1  Disp.o [1]
  .bss               zero     0x10002fe3     0x1  Disp.o [1]
  .bss               zero     0x10002fe4     0x1  GPRS.o [1]
  .bss               zero     0x10002fe5     0x1  GPRS.o [1]
  .bss               zero     0x10002fe6     0x1  GPRS.o [1]
  .bss               zero     0x10002fe7     0x1  GPRS.o [1]
  .bss               zero     0x10002fe8     0x1  GPRS.o [1]
  .bss               zero     0x10002fe9     0x1  GPRS.o [1]
  .bss               zero     0x10002fea     0x1  GPRS.o [1]
  .bss               zero     0x10002feb     0x1  GPRS.o [1]
  .bss               zero     0x10002fec     0x1  GPRS.o [1]
  .bss               zero     0x10002fed     0x1  GPRS.o [1]
  .bss               zero     0x10002fee     0x1  GPRS.o [1]
  .bss               zero     0x10002fef     0x1  GPRS.o [1]
  .bss               zero     0x10002ff0     0x1  GPRS.o [1]
  .bss               zero     0x10002ff1     0x1  GPRS.o [1]
  .bss               zero     0x10002ff2     0x1  Meter.o [1]
  .bss               zero     0x10002ff3     0x1  Meter.o [1]
  .bss               zero     0x10002ff4     0x1  Meter.o [1]
  .bss               zero     0x10002ff5     0x1  Meter.o [1]
  .bss               zero     0x10002ff6     0x1  Meter.o [1]
  .bss               zero     0x10002ff7     0x1  Peer.o [1]
  .bss               zero     0x10002ff8     0x1  Uart.o [1]
  .bss               zero     0x10002ff9     0x1  Uart.o [1]
  .bss               zero     0x10002ffa     0x1  Uart.o [1]
  .bss               zero     0x10002ffb     0x1  lpc177x_8x_crc.o [1]
                            - 0x10002ffc  0x2edc

"P2", part 3 of 3:                         0x800
  CSTACK                      0x10003000   0x800  <Block>
    CSTACK           uninit   0x10003000   0x800  <Block tail>
                            - 0x10003800   0x800


*******************************************************************************
*** INIT TABLE
***

          Address     Size
          -------     ----
Zero (__iar_zero_init3)
    1 destination range, total size 0x2edc:
          0x10000120  0x2edc

Copy (__iar_copy_init3)
    1 source range, total size 0x120:
          0x000000e4   0x120
    1 destination range, total size 0x120:
          0x10000000   0x120



*******************************************************************************
*** MODULE SUMMARY
***

    Module                ro code  ro data  rw data
    ------                -------  -------  -------
E:\Codes\ac_charging\GB_3B_1G_CHARGING\proj\Debug\Obj: [1]
    Ad.o                      356        8      264
    Analog.o                   34                16
    Cans.o                    964        8    8 212
    Charging.o                300                14
    Dio.o                   1 212       26        8
    Disp.o                  2 512      536      606
    Eeprom.o                  308             1 024
    Fontlib.o                        3 272
    GPRS.o                  3 108               130
    Key.o                     900       36       24
    Lcd.o                   1 128                64
    Main.o                    514        8       46
    Meter.o                 1 520                27
    Peer.o                  1 610                 9
    Rtc.o                     204                32
    Uart.o                  2 276             1 611
    lpc177x_8x_adc.o          188
    lpc177x_8x_can.o        1 084
    lpc177x_8x_clkpwr.o       104
    lpc177x_8x_crc.o          140                 1
    lpc177x_8x_eeprom.o       716
    lpc177x_8x_gpdma.o        984      224      160
    lpc177x_8x_gpio.o         240
    lpc177x_8x_mci.o          544                20
    lpc177x_8x_pinsel.o       110
    lpc177x_8x_rtc.o          318
    lpc177x_8x_ssp.o          282
    lpc177x_8x_systick.o      160
    lpc177x_8x_timer.o        570
    lpc177x_8x_uart.o       1 380
    startup_LPC177x_8x.o      446
    system_LPC177x_8x.o       220       16       16
    -----------------------------------------------
    Total:                 24 432    4 134   12 284

command line: [2]
    -----------------------------------------------
    Total:

dl7M_tln.a: [3]
    exit.o                      4
    low_level_init.o            4
    -----------------------------------------------
    Total:                      8

m7M_tl.a: [4]
    FltCmpLe.o                 36
    I32ToFlt.o                 30
    -----------------------------------------------
    Total:                     66

rt7M_tl.a: [5]
    ABImemcpy.o               118
    ABImemset.o               102
    I64DivMod.o               238
    I64DivZer.o                 2
    cexit.o                    10
    cmain.o                    22
    copy_init3.o               46
    cstartup_M.o               12
    data_init3.o               40
    zero_init3.o               34
    -----------------------------------------------
    Total:                    624

shb_l.a: [6]
    exit.o                     20
    -----------------------------------------------
    Total:                     20

    Gaps                       18        2
    Linker created                      36    2 048
---------------------------------------------------
    Grand Total:           25 168    4 172   14 332


*******************************************************************************
*** ENTRY LIST
***

Entry                      Address   Size  Type      Object
-----                      -------   ----  ----      ------
?main                   0x00007079         Code  Gb  cmain.o [5]
AC_Info                 0x000006a3   0xfa  Code  Gb  GPRS.o [1]
ADC_BurstCmd            0x00003bcb   0x18  Code  Gb  lpc177x_8x_adc.o [1]
ADC_ChannelCmd          0x00003c03   0x22  Code  Gb  lpc177x_8x_adc.o [1]
ADC_ChannelGetData      0x00003c25   0x14  Code  Gb  lpc177x_8x_adc.o [1]
ADC_GlobalGetData       0x00003c39    0x4  Code  Gb  lpc177x_8x_adc.o [1]
ADC_IRQHandler          0x00007349         Code  Wk  startup_LPC177x_8x.o [1]
ADC_Init                0x00003b81   0x36  Code  Gb  lpc177x_8x_adc.o [1]
ADC_IntConfig           0x00003be3   0x20  Code  Gb  lpc177x_8x_adc.o [1]
ADC_StartCmd            0x00003bb7   0x14  Code  Gb  lpc177x_8x_adc.o [1]
Account_Verification    0x000003af   0xb2  Code  Gb  GPRS.o [1]
AdcInit                 0x00003a51   0xc8  Code  Gb  Ad.o [1]
AsciiLib                0x000067d8  0x474  Data  Gb  Fontlib.o [1]
BOD_IRQHandler          0x0000734d         Code  Wk  startup_LPC177x_8x.o [1]
BcdToHex                0x00005b53   0x82  Code  Gb  Meter.o [1]
BusFault_Handler        0x000072d9         Code  Wk  startup_LPC177x_8x.o [1]
CANActivity_IRQHandler  0x00007379         Code  Wk  startup_LPC177x_8x.o [1]
CAN_GetPointer          0x00006219   0x24  Code  Lc  lpc177x_8x_can.o [1]
CAN_IRQCmd              0x000065a7   0x62  Code  Gb  lpc177x_8x_can.o [1]
CAN_IRQHandler          0x00004d5b   0x7a  Code  Gb  Cans.o [1]
CAN_Init                0x000062c3   0xac  Code  Gb  lpc177x_8x_can.o [1]
CAN_IntGetStatus        0x0000663b   0x10  Code  Gb  lpc177x_8x_can.o [1]
CAN_ReceiveMsg          0x00006535   0x72  Code  Gb  lpc177x_8x_can.o [1]
CAN_SendMsg             0x00006395  0x1a0  Code  Gb  lpc177x_8x_can.o [1]
CAN_Send_main           0x00004f33   0x80  Code  Gb  Cans.o [1]
CAN_SetAFMode           0x00006609   0x32  Code  Gb  lpc177x_8x_can.o [1]
CAN_receive             0x00004e91   0xa2  Code  Gb  Cans.o [1]
CAN_send                0x00004dd5   0x60  Code  Gb  Cans.o [1]
CLKPWR_ConfigPPWR       0x000028f9   0x24  Code  Gb  lpc177x_8x_clkpwr.o [1]
CLKPWR_GetCLK           0x000028c9   0x30  Code  Gb  lpc177x_8x_clkpwr.o [1]
CRC_CalcBlockChecksum   0x0000272d   0x20  Code  Gb  lpc177x_8x_crc.o [1]
CRC_Init                0x000026d5   0x58  Code  Gb  lpc177x_8x_crc.o [1]
CSCalc                  0x00005afd   0x56  Code  Gb  Meter.o [1]
CSTACK$$Base            0x10003000          --   Gb  - Linker created -
CSTACK$$Limit           0x10003800          --   Gb  - Linker created -
CanErr                  0x00004e35   0x5c  Code  Gb  Cans.o [1]
CanInit                 0x00004fb3   0x5c  Code  Gb  Cans.o [1]
ChargingBeginTime       0x10002fa4    0x4  Data  Gb  Peer.o [1]
ChargingOver            0x0000332d   0x12  Code  Gb  Disp.o [1]
ChargingPermission      0x10002fdf    0x1  Data  Gb  Charging.o [1]
ChargingTime            0x10002f6c    0x4  Data  Gb  Disp.o [1]
Charging_main           0x000060ed  0x12c  Code  Gb  Charging.o [1]
CheckOverTimeTicks      0x10002f70    0x4  Data  Gb  Disp.o [1]
ClrOutput               0x000019a1   0x8e  Code  Gb  Dio.o [1]
ConnectorCheckCnt       0x10002f54    0x4  Data  Gb  Charging.o [1]
ConnectorCnt            0x10002fdd    0x1  Data  Gb  Charging.o [1]
ConnectorStatus         0x10002fdc    0x1  Data  Gb  Charging.o [1]
CurKwh                  0x10002f98    0x4  Data  Gb  Meter.o [1]
CurTime                 0x10002ec4   0x20  Data  Gb  Main.o [1]
Cur_0_BeginTime         0x10002f9c    0x4  Data  Gb  Meter.o [1]
Cur_0_Time              0x10002fa0    0x4  Data  Gb  Meter.o [1]
DMA_IRQHandler          0x00000f7f   0xea  Code  Gb  Uart.o [1]
DebugMon_Handler        0x000072e5         Code  Wk  startup_LPC177x_8x.o [1]
Dev_Error               0x10002fe7    0x1  Data  Gb  GPRS.o [1]
Dev_Status              0x10002fe6    0x1  Data  Gb  GPRS.o [1]
DioInit                 0x00001af9  0x1ee  Code  Gb  Dio.o [1]
Disp_Init_Array         0x10000080   0x70  Data  Gb  Disp.o [1]
Disp_TCB_Card           0x10002f68    0x4  Data  Gb  Disp.o [1]
Disp_TCB_Cur            0x10002f60    0x4  Data  Gb  Disp.o [1]
Disp_TCB_Init           0x00002a25  0x328  Code  Gb  Disp.o [1]
Disp_TCB_Last           0x10002f64    0x4  Data  Gb  Disp.o [1]
Disp_TCB_List           0x10002f5c    0x4  Data  Gb  Disp.o [1]
Disp_TCB_Tbl            0x10002530  0x1c0  Data  Gb  Disp.o [1]
DisplayLinkInfo         0x00003099   0x9c  Code  Gb  Disp.o [1]
DisplayLoginCheck       0x00002f4f   0x42  Code  Gb  Disp.o [1]
DisplayLoginCheckError  0x00002f91   0x28  Code  Gb  Disp.o [1]
DisplayLoginLock        0x00002fc1   0x4c  Code  Gb  Disp.o [1]
DisplayLoginMode        0x00002e6f   0x4c  Code  Gb  Disp.o [1]
DisplayParameter        0x00002d87   0xe8  Code  Gb  Disp.o [1]
DisplayQRLogin          0x00003015   0x28  Code  Gb  Disp.o [1]
DisplaySettlementInfo   0x000032df   0x44  Code  Gb  Disp.o [1]
DisplayUserInfo         0x00003049   0x3a  Code  Gb  Disp.o [1]
DisplayUserLogin1       0x00002ebb   0x36  Code  Gb  Disp.o [1]
DisplayUserLogin2       0x00002ef1   0x5e  Code  Gb  Disp.o [1]
DisplayUsingInfo1       0x00003155  0x11e  Code  Gb  Disp.o [1]
DisplayUsingInfo2       0x00003273   0x6c  Code  Gb  Disp.o [1]
DisplayWelcome          0x00002d4d   0x3a  Code  Gb  Disp.o [1]
EEPROM_IRQHandler       0x00007391         Code  Wk  startup_LPC177x_8x.o [1]
EEPROM_Init             0x00005831   0x6a  Code  Gb  lpc177x_8x_eeprom.o [1]
EEPROM_Read             0x000059c5  0x10c  Code  Gb  lpc177x_8x_eeprom.o [1]
EEPROM_Write            0x0000589b  0x12a  Code  Gb  lpc177x_8x_eeprom.o [1]
EINT0_IRQHandler        0x00007339         Code  Wk  startup_LPC177x_8x.o [1]
EINT1_IRQHandler        0x0000733d         Code  Wk  startup_LPC177x_8x.o [1]
EINT2_IRQHandler        0x00007341         Code  Wk  startup_LPC177x_8x.o [1]
EINT3_IRQHandler        0x00007345         Code  Wk  startup_LPC177x_8x.o [1]
EMCClock                0x10000118    0x4  Data  Gb  system_LPC177x_8x.o [1]
ENET_IRQHandler         0x00007361         Code  Wk  startup_LPC177x_8x.o [1]
EepromRead              0x00004c3d   0x30  Code  Gb  Eeprom.o [1]
EepromWrite             0x00004c0d   0x30  Code  Gb  Eeprom.o [1]
F_display_do            0x10002fe2    0x1  Data  Gb  Disp.o [1]
FlipOutput              0x00001a2f   0xca  Code  Gb  Dio.o [1]
FontCnIndex             0x00006f48   0xa4  Data  Gb  Fontlib.o [1]
FontCnLib               0x00003c3c  0x7b0  Data  Gb  Fontlib.o [1]
FrameCntRS232           0x10002ff8    0x1  Data  Gb  Uart.o [1]
FrameCntRS4851          0x10002ff9    0x1  Data  Gb  Uart.o [1]
FrameCntRS4852          0x10002ffa    0x1  Data  Gb  Uart.o [1]
FrameIsEnd              0x00001723   0x6e  Code  Gb  Uart.o [1]
GPDMACfgTx              0x10002ea0   0x24  Data  Gb  Uart.o [1]
GPDMA_ChannelCmd        0x00001fad   0x24  Code  Gb  lpc177x_8x_gpdma.o [1]
GPDMA_ClearIntPending   0x0000206b   0x1e  Code  Gb  lpc177x_8x_gpdma.o [1]
GPDMA_Init              0x00001d09   0x5e  Code  Gb  lpc177x_8x_gpdma.o [1]
GPDMA_IntGetStatus      0x00001fd1   0x9a  Code  Gb  lpc177x_8x_gpdma.o [1]
GPDMA_LUTPerAddr        0x10000000   0x80  Data  Gb  lpc177x_8x_gpdma.o [1]
GPDMA_LUTPerBurst       0x00007038   0x20  Data  Gb  lpc177x_8x_gpdma.o [1]
GPDMA_LUTPerWid         0x00007058   0x20  Data  Gb  lpc177x_8x_gpdma.o [1]
GPDMA_Setup             0x00001d67  0x246  Code  Gb  lpc177x_8x_gpdma.o [1]
GPIO_ClearValue         0x0000285b   0x16  Code  Gb  lpc177x_8x_gpio.o [1]
GPIO_GetPointer         0x000027d9   0x42  Code  Lc  lpc177x_8x_gpio.o [1]
GPIO_IRQHandler         0x00007389         Code  Wk  startup_LPC177x_8x.o [1]
GPIO_OutputValue        0x00002871   0x26  Code  Gb  lpc177x_8x_gpio.o [1]
GPIO_ReadValue          0x00002897   0x1a  Code  Gb  lpc177x_8x_gpio.o [1]
GPIO_SetDir             0x0000281b   0x2a  Code  Gb  lpc177x_8x_gpio.o [1]
GPIO_SetValue           0x00002845   0x16  Code  Gb  lpc177x_8x_gpio.o [1]
GPRS_main               0x00000819  0x67a  Code  Gb  GPRS.o [1]
GetAdAvgValue           0x00003a1d   0x26  Code  Gb  Ad.o [1]
GetAnalogSta            0x00003875   0x22  Code  Gb  Analog.o [1]
GetChkSum               0x00004c6d   0x24  Code  Gb  Eeprom.o [1]
GetLineValue            0x0000524f   0x40  Code  Gb  Key.o [1]
GetMeterMsg             0x00005bd5  0x244  Code  Gb  Meter.o [1]
GetRowValue             0x0000520f   0x40  Code  Gb  Key.o [1]
GetRs232Sta             0x000016c9   0x1e  Code  Gb  Uart.o [1]
GetRs485Ch1Sta          0x000016e7   0x1e  Code  Gb  Uart.o [1]
GetRs485Ch2Sta          0x00001705   0x1e  Code  Gb  Uart.o [1]
GetTemp                 0x00003a43    0xe  Code  Gb  Ad.o [1]
HardFault_Handler       0x00002a1f         Code  Wk  startup_LPC177x_8x.o [1]
Heartbeat               0x00000301   0xae  Code  Gb  GPRS.o [1]
HeartbeatCnt            0x10002f7c    0x4  Data  Gb  GPRS.o [1]
I2C0_IRQHandler         0x00007319         Code  Wk  startup_LPC177x_8x.o [1]
I2C1_IRQHandler         0x0000731d         Code  Wk  startup_LPC177x_8x.o [1]
I2C2_IRQHandler         0x00007321         Code  Wk  startup_LPC177x_8x.o [1]
I2S_IRQHandler          0x0000735d         Code  Wk  startup_LPC177x_8x.o [1]
InfoCnt                 0x10002f80    0x4  Data  Gb  GPRS.o [1]
InputCheck              0x0000184d   0xba  Code  Gb  Dio.o [1]
InputConfig             0x000072c8    0x4  Data  Gb  Dio.o [1]
InputSta                0x10002fcc    0x2  Data  Gb  Dio.o [1]
InputStaCnt             0x10002fd2    0x2  Data  Lc  Dio.o [1]
InputStaCur             0x10002fce    0x2  Data  Lc  Dio.o [1]
InputStaPre             0x10002fd0    0x2  Data  Lc  Dio.o [1]
KeyBoardConfig          0x000071f4   0x10  Data  Gb  Key.o [1]
KeyBoardType            0x10002f04   0x18  Data  Gb  Key.o [1]
KeyBoard_Scan           0x0000528f  0x1ea  Code  Gb  Key.o [1]
LCDInit                 0x00003459   0x82  Code  Gb  Lcd.o [1]
LCD_IRQHandler          0x00007385         Code  Wk  startup_LPC177x_8x.o [1]
LCD_Init                0x00003597   0xca  Code  Gb  Lcd.o [1]
Lcd_Clr                 0x00003531   0x66  Code  Gb  Lcd.o [1]
Lcd_Printf              0x000036c5  0x19a  Code  Gb  Lcd.o [1]
Lcd_Send                0x000034f5   0x3c  Code  Gb  Lcd.o [1]
LedConfig               0x000072cc    0x4  Data  Gb  Dio.o [1]
LoadAllParameters       0x00004b3d   0x30  Code  Gb  Main.o [1]
LoadParameter           0x00004c91   0x5a  Code  Gb  Eeprom.o [1]
LoginCheckOverTime      0x00003345   0x12  Code  Gb  Disp.o [1]
LoginPermission         0x10002fde    0x1  Data  Gb  Charging.o [1]
MCI_Block_End_Flag      0x10002fb8    0x4  Data  Gb  lpc177x_8x_mci.o [1]
MCI_CmdProcess          0x00006c8d   0x48  Code  Gb  lpc177x_8x_mci.o [1]
MCI_DATA_END_InterruptService
                        0x00006d1d   0x38  Code  Gb  lpc177x_8x_mci.o [1]
MCI_DataErrorProcess    0x00006cd5   0x48  Code  Gb  lpc177x_8x_mci.o [1]
MCI_FIFOInterruptService
                        0x00006d55   0xaa  Code  Gb  lpc177x_8x_mci.o [1]
MCI_IRQHandler          0x00006dff   0x42  Code  Gb  lpc177x_8x_mci.o [1]
MCI_ReadFifo            0x00006c4d   0x16  Code  Gb  lpc177x_8x_mci.o [1]
MCI_TXDisable           0x00006c79   0x14  Code  Gb  lpc177x_8x_mci.o [1]
MCI_WriteFifo           0x00006c63   0x16  Code  Gb  lpc177x_8x_mci.o [1]
MCPWM_IRQHandler        0x00007369         Code  Wk  startup_LPC177x_8x.o [1]
MemManage_Handler       0x000072d5         Code  Wk  startup_LPC177x_8x.o [1]
MeterCalc               0x00005e19   0xa0  Code  Gb  Meter.o [1]
MeterCommErr            0x10002ff3    0x1  Data  Gb  Meter.o [1]
MeterCur                0x00005f59   0xa0  Code  Gb  Meter.o [1]
MeterData               0x10002f90    0x4  Data  Gb  Meter.o [1]
MeterDeal               0x00005ff9   0xaa  Code  Gb  Meter.o [1]
MeterErr                0x10002ff2    0x1  Data  Gb  Meter.o [1]
MeterOnlineCnt          0x10002fda    0x2  Data  Gb  Meter.o [1]
MeterVol                0x00005eb9   0xa0  Code  Gb  Meter.o [1]
Meter_counter           0x10002ff5    0x1  Data  Gb  Meter.o [1]
NMI_Handler             0x000072d1         Code  Wk  startup_LPC177x_8x.o [1]
NVIC_DisableIRQ         0x00005765   0x18  Code  Lc  Rtc.o [1]
NVIC_DisableIRQ         0x00000f3f   0x1a  Code  Lc  Uart.o [1]
NVIC_EnableIRQ          0x00004d41   0x1a  Code  Lc  Cans.o [1]
NVIC_EnableIRQ          0x00004a21   0x18  Code  Lc  Main.o [1]
NVIC_EnableIRQ          0x00000f25   0x1a  Code  Lc  Uart.o [1]
NVIC_SetPriority        0x00004a39   0x22  Code  Lc  Main.o [1]
NVIC_SetPriority        0x0000577d   0x22  Code  Lc  Rtc.o [1]
NVIC_SetPriority        0x00000f59   0x26  Code  Lc  Uart.o [1]
Order_number            0x10002f88    0x4  Data  Gb  GPRS.o [1]
OutputConfig            0x000070f4   0x10  Data  Gb  Dio.o [1]
PINSEL_ConfigPin        0x0000265f   0x2a  Code  Gb  lpc177x_8x_pinsel.o [1]
PINSEL_SetPinMode       0x00002689   0x2a  Code  Gb  lpc177x_8x_pinsel.o [1]
PIN_GetPointer          0x00002645   0x1a  Code  Lc  lpc177x_8x_pinsel.o [1]
PLL0_IRQHandler         0x00007331         Code  Wk  startup_LPC177x_8x.o [1]
PLL1_IRQHandler         0x00007371         Code  Wk  startup_LPC177x_8x.o [1]
PWM0_IRQHandler         0x0000738d         Code  Wk  startup_LPC177x_8x.o [1]
PWM1_IRQHandler         0x00007315         Code  Wk  startup_LPC177x_8x.o [1]
PWMCPConfig             0x000027d6    0x2  Data  Gb  Dio.o [1]
ParaBuff                0x10002130  0x400  Data  Gb  Eeprom.o [1]
PendSV_Handler          0x000072e9         Code  Wk  startup_LPC177x_8x.o [1]
PeripheralClock         0x10000114    0x4  Data  Gb  system_LPC177x_8x.o [1]
Position68              0x10002ff4    0x1  Data  Gb  Meter.o [1]
QEI_IRQHandler          0x0000736d         Code  Wk  startup_LPC177x_8x.o [1]
QR_code_Verification    0x00000461   0x7a  Code  Gb  GPRS.o [1]
RS232Rx                 0x100026f0  0x104  Data  Gb  Uart.o [1]
RS232SendMsg            0x000013b5   0x3c  Code  Gb  Uart.o [1]
RS232Tx                 0x100027f4  0x104  Data  Gb  Uart.o [1]
RS232_Err               0x10002fac    0x4  Data  Gb  Uart.o [1]
RS4851_Err              0x10002fb0    0x4  Data  Gb  Uart.o [1]
RS4852_Err              0x10002fb4    0x4  Data  Gb  Uart.o [1]
RS485Ch1SendMsg         0x000013f1   0x46  Code  Gb  Uart.o [1]
RS485Ch2SendMsg         0x00001437   0x46  Code  Gb  Uart.o [1]
RS485Rx1                0x100028f8  0x104  Data  Gb  Uart.o [1]
RS485Rx2                0x10002b00  0x104  Data  Gb  Uart.o [1]
RS485Tx1                0x100029fc  0x104  Data  Gb  Uart.o [1]
RS485Tx2                0x10002c04  0x104  Data  Gb  Uart.o [1]
RTC_CalibCounterCmd     0x000067bd   0x1a  Code  Gb  lpc177x_8x_rtc.o [1]
RTC_ClearIntPending     0x000067b5    0x8  Code  Gb  lpc177x_8x_rtc.o [1]
RTC_Cmd                 0x000066cf   0x1a  Code  Gb  lpc177x_8x_rtc.o [1]
RTC_GetFullTime         0x00006757   0x4e  Code  Gb  lpc177x_8x_rtc.o [1]
RTC_GetIntPending       0x000067a5   0x10  Code  Gb  lpc177x_8x_rtc.o [1]
RTC_GetTime             0x000066e9   0x6e  Code  Gb  lpc177x_8x_rtc.o [1]
RTC_IRQHandler          0x0000579f   0x36  Code  Gb  Rtc.o [1]
RTC_Init                0x00006699   0x24  Code  Gb  lpc177x_8x_rtc.o [1]
RTC_ResetClockTickCounter
                        0x000066bd   0x12  Code  Gb  lpc177x_8x_rtc.o [1]
RdMeterTicks            0x10002f94    0x4  Data  Gb  Meter.o [1]
Ready                   0x000043ed   0xc0  Code  Gb  Peer.o [1]
Region$$Table$$Base     0x00007014          --   Gb  - Linker created -
Region$$Table$$Limit    0x00007038          --   Gb  - Linker created -
RelaySta1               0x10002ff7    0x1  Data  Gb  Peer.o [1]
RelaySta2               0x10002ff6    0x1  Data  Gb  Meter.o [1]
RelaySta232             0x10002ff1    0x1  Data  Gb  GPRS.o [1]
Reset_Handler           0x00007205         Code  Wk  startup_LPC177x_8x.o [1]
RtcCurTime              0x10002ee4   0x20  Data  Gb  Rtc.o [1]
RtcGetTime              0x000057d5   0x18  Code  Gb  Rtc.o [1]
RtcInit                 0x000057ed   0x2e  Code  Gb  Rtc.o [1]
RtcSecondBck            0x10002fe3    0x1  Data  Gb  Disp.o [1]
SPIFI_IRQHandler        0x00007325         Code  Wk  startup_LPC177x_8x.o [1]
SPIx_ReadWriteByte      0x000039eb   0x20  Code  Gb  lpc177x_8x_ssp.o [1]
SRST_High               0x00003429   0x10  Code  Gb  Lcd.o [1]
SSDI_High               0x00003449   0x10  Code  Gb  Lcd.o [1]
SSDI_Low                0x00003439   0x10  Code  Gb  Lcd.o [1]
SSEL_High               0x0000341b    0xe  Code  Gb  Lcd.o [1]
SSEL_Low                0x0000340d    0xe  Code  Gb  Lcd.o [1]
SSP0_IRQHandler         0x00007329         Code  Wk  startup_LPC177x_8x.o [1]
SSP1_IRQHandler         0x0000732d         Code  Wk  startup_LPC177x_8x.o [1]
SSP2_IRQHandler         0x00007381         Code  Wk  startup_LPC177x_8x.o [1]
SSP_Cmd                 0x000039d1   0x1a  Code  Gb  lpc177x_8x_ssp.o [1]
SSP_ConfigStructInit    0x000039ab   0x1a  Code  Gb  lpc177x_8x_ssp.o [1]
SSP_GetStatus           0x00003a0b   0x10  Code  Gb  lpc177x_8x_ssp.o [1]
SSP_Init                0x00003957   0x54  Code  Gb  lpc177x_8x_ssp.o [1]
SVC_Handler             0x000072e1         Code  Wk  startup_LPC177x_8x.o [1]
SYSTICK_Cmd             0x00005717   0x22  Code  Gb  lpc177x_8x_systick.o [1]
SYSTICK_IntCmd          0x00005739   0x22  Code  Gb  lpc177x_8x_systick.o [1]
SYSTICK_InternalInit    0x000056c5   0x52  Code  Gb  lpc177x_8x_systick.o [1]
SaveParameter           0x00004ceb   0x4c  Code  Gb  Eeprom.o [1]
SetLineInput            0x0000518f   0x80  Code  Gb  Key.o [1]
SetOutput               0x00001907   0x9a  Code  Gb  Dio.o [1]
SetRowInput             0x00005105   0x8a  Code  Gb  Key.o [1]
Spi_Operation           0x000034db   0x1a  Code  Gb  Lcd.o [1]
Start                   0x000004db   0xda  Code  Gb  GPRS.o [1]
Stop                    0x000005b5   0xee  Code  Gb  GPRS.o [1]
StopPermission          0x10002fe1    0x1  Data  Gb  Charging.o [1]
StopRequest             0x10002fe0    0x1  Data  Gb  Charging.o [1]
StopRequestCnt          0x10002f58    0x4  Data  Gb  Charging.o [1]
SysTickCnt              0x10002f8c    0x4  Data  Gb  Main.o [1]
SysTickInit             0x00004ac5   0x16  Code  Gb  Main.o [1]
SysTick_Handler         0x00004a5b   0x22  Code  Gb  Main.o [1]
SystemCoreClock         0x10000110    0x4  Data  Gb  system_LPC177x_8x.o [1]
SystemInit              0x00006e6d   0x8e  Code  Gb  system_LPC177x_8x.o [1]
TIMER0_IRQHandler       0x00004a7d   0x48  Code  Gb  Main.o [1]
TIMER1_IRQHandler       0x000072f9         Code  Wk  startup_LPC177x_8x.o [1]
TIMER2_IRQHandler       0x000072fd         Code  Wk  startup_LPC177x_8x.o [1]
TIMER3_IRQHandler       0x00007301         Code  Wk  startup_LPC177x_8x.o [1]
TIM_ClearIntPending     0x00005523    0x8  Code  Gb  lpc177x_8x_timer.o [1]
TIM_Cmd                 0x000055fd   0x1a  Code  Gb  lpc177x_8x_timer.o [1]
TIM_ConfigMatch         0x00005617   0xac  Code  Gb  lpc177x_8x_timer.o [1]
TIM_GetIntStatus        0x00005505   0x1e  Code  Gb  lpc177x_8x_timer.o [1]
TIM_Init                0x0000552b   0xc0  Code  Gb  lpc177x_8x_timer.o [1]
Timer0Init              0x00004adb   0x62  Code  Gb  Main.o [1]
UART0_IRQHandler        0x00001069   0xc4  Code  Gb  Uart.o [1]
UART1_IRQHandler        0x000011f3   0xc6  Code  Gb  Uart.o [1]
UART2_IRQHandler        0x000012b9   0xc6  Code  Gb  Uart.o [1]
UART3_IRQHandler        0x0000112d   0xc6  Code  Gb  Uart.o [1]
UART4_IRQHandler        0x0000737d         Code  Wk  startup_LPC177x_8x.o [1]
UARTReceive             0x0000137f   0x36  Code  Gb  Uart.o [1]
UART_ConfigStructInit   0x000023d3   0x14  Code  Gb  lpc177x_8x_uart.o [1]
UART_FIFOConfig         0x00002521   0x5a  Code  Gb  lpc177x_8x_uart.o [1]
UART_FIFOConfigStructInit
                        0x0000257b   0x12  Code  Gb  lpc177x_8x_uart.o [1]
UART_GetIntId           0x00002517    0xa  Code  Gb  lpc177x_8x_uart.o [1]
UART_GetLineStatus      0x00002503   0x14  Code  Gb  lpc177x_8x_uart.o [1]
UART_Init               0x00002299  0x13a  Code  Gb  lpc177x_8x_uart.o [1]
UART_IntConfig          0x0000247b   0x88  Code  Gb  lpc177x_8x_uart.o [1]
UART_RS485Config        0x000025d3   0x5c  Code  Gb  lpc177x_8x_uart.o [1]
UART_Receive            0x000023f7   0x84  Code  Gb  lpc177x_8x_uart.o [1]
UART_ReceiveByte        0x000023e7   0x10  Code  Gb  lpc177x_8x_uart.o [1]
UART_TxCmd              0x0000258d   0x46  Code  Gb  lpc177x_8x_uart.o [1]
USBActivity_IRQHandler  0x00007375         Code  Wk  startup_LPC177x_8x.o [1]
USBClock                0x1000011c    0x4  Data  Gb  system_LPC177x_8x.o [1]
USB_IRQHandler          0x00007351         Code  Wk  startup_LPC177x_8x.o [1]
UartInit                0x0000147d  0x24c  Code  Gb  Uart.o [1]
UartsInit               0x000017e1   0x28  Code  Gb  Uart.o [1]
UsageFault_Handler      0x000072dd         Code  Wk  startup_LPC177x_8x.o [1]
WDT_IRQHandler          0x000072f1         Code  Wk  startup_LPC177x_8x.o [1]
__Vectors               0x00000000          --   Gb  startup_LPC177x_8x.o [1]
__Vectors_End           0x000000e4         Data  Gb  startup_LPC177x_8x.o [1]
__Vectors_Size {Abs}    0x000000e4          --   Gb  startup_LPC177x_8x.o [1]
__aeabi_cfcmple         0x00006675         Code  Gb  FltCmpLe.o [4]
__aeabi_ldiv0           0x00002a21         Code  Gb  I64DivZer.o [5]
__aeabi_memcpy          0x00002761         Code  Gb  ABImemcpy.o [5]
__aeabi_memcpy4         0x00002781         Code  Gb  ABImemcpy.o [5]
__aeabi_memcpy8         0x00002781         Code  Gb  ABImemcpy.o [5]
__aeabi_memset          0x00003899         Code  Gb  ABImemset.o [5]
__aeabi_ui2f            0x00006655         Code  Gb  I32ToFlt.o [4]
__aeabi_uldivmod        0x00002931         Code  Gb  I64DivMod.o [5]
__cmain                 0x00007079         Code  Gb  cmain.o [5]
__exit                  0x000070a5   0x14  Code  Gb  exit.o [6]
__iar_Memset            0x00003899         Code  Gb  ABImemset.o [5]
__iar_Memset_word       0x000038a1         Code  Gb  ABImemset.o [5]
__iar_copy_init3        0x0000181f   0x2e  Code  Gb  copy_init3.o [5]
__iar_data_init3        0x00006fed   0x28  Code  Gb  data_init3.o [5]
__iar_program_start     0x0000728d         Code  Gb  cstartup_M.o [5]
__iar_ui2f              0x00006659         Code  Gb  I32ToFlt.o [4]
__iar_zero_init3        0x000026b3   0x22  Code  Gb  zero_init3.o [5]
__low_level_init        0x0000708f    0x4  Code  Gb  low_level_init.o [3]
__vector_table          0x00000000         Data  Gb  startup_LPC177x_8x.o [1]
__vector_table_0x1c     0x0000001c         Data  Gb  startup_LPC177x_8x.o [1]
_call_main              0x00007085         Code  Gb  cmain.o [5]
_exit                   0x00007099         Code  Gb  cexit.o [5]
_main                   0x0000708b         Code  Gb  cmain.o [5]
ad_channel_sel          0x00007298    0x8  Data  Gb  Ad.o [1]
ad_cnt                  0x10002f40    0x8  Data  Gb  Ad.o [1]
ad_rlt                  0x10002d08  0x100  Data  Gb  Ad.o [1]
adc_main                0x00003b19   0x52  Code  Gb  Ad.o [1]
back_type               0x10002fef    0x1  Data  Gb  GPRS.o [1]
begin_CurKwh            0x10002f74    0x4  Data  Gb  GPRS.o [1]
c_entry                 0x00004b6d   0x34  Code  Gb  Main.o [1]
can1_rx_buf             0x10000120  0x804  Data  Gb  Cans.o [1]
can1_tx_buf             0x10001128  0x804  Data  Gb  Cans.o [1]
can2_rx_buf             0x10000924  0x804  Data  Gb  Cans.o [1]
can2_tx_buf             0x1000192c  0x804  Data  Gb  Cans.o [1]
can_SetBaudrate         0x0000623d   0x86  Code  Lc  lpc177x_8x_can.o [1]
can_test                0x0000500f   0xce  Code  Gb  Cans.o [1]
charge_CurKwh           0x10002fa8    0x4  Data  Gb  Peer.o [1]
communication_delay     0x10002f84    0x4  Data  Gb  GPRS.o [1]
communication_state     0x10002fe8    0x1  Data  Gb  GPRS.o [1]
converPtrToTimeNum      0x000054cf   0x36  Code  Lc  lpc177x_8x_timer.o [1]
converUSecToVal         0x00005499   0x36  Code  Lc  lpc177x_8x_timer.o [1]
crc_cur_type            0x10002ffb    0x1  Data  Gb  lpc177x_8x_crc.o [1]
dataDestBlock           0x10002fc0    0x4  Data  Gb  lpc177x_8x_mci.o [1]
dataSrcBlock            0x10002fbc    0x4  Data  Gb  lpc177x_8x_mci.o [1]
end_CurKwh              0x10002f78    0x4  Data  Gb  GPRS.o [1]
exit                    0x00007093    0x4  Code  Gb  exit.o [3]
g_KeyCode               0x000070e0   0x14  Data  Gb  Key.o [1]
g_bDispBuf              0x10002f1c   0x14  Data  Gb  Disp.o [1]
g_bLcdTmp               0x10002e08   0x40  Data  Gb  Lcd.o [1]
g_sAnalogValue          0x10002f30   0x10  Data  Gb  Analog.o [1]
g_sParaConfig           0x10002f48    0x8  Data  Gb  Main.o [1]
g_sParaConfig_init      0x000072c0    0x8  Data  Gb  Main.o [1]
getPClock               0x00005489   0x10  Code  Lc  lpc177x_8x_timer.o [1]
main                    0x00004ba1   0x4a  Code  Gb  Main.o [1]
memcpy                  0x00001809   0x16  Code  Gb  Main.o [1]
memset                  0x000033f5   0x16  Code  Gb  Peer.o [1]
output_cur              0x10002fd6    0x2  Data  Gb  GPRS.o [1]
output_vol              0x10002fd4    0x2  Data  Gb  GPRS.o [1]
pGPDMACh                0x100000f0   0x20  Data  Gb  lpc177x_8x_gpdma.o [1]
peer_main               0x000044ad  0x514  Code  Gb  Peer.o [1]
r_user_info             0x10002e74   0x2c  Data  Gb  GPRS.o [1]
record_clear            0x0000079d   0x5a  Code  Gb  GPRS.o [1]
return_sign             0x10002ff0    0x1  Data  Gb  GPRS.o [1]
rxBlockCnt              0x10002fc8    0x4  Data  Gb  lpc177x_8x_mci.o [1]
server_begin            0x10002fe5    0x1  Data  Gb  GPRS.o [1]
server_stop             0x10002fe4    0x1  Data  Gb  GPRS.o [1]
setSSPclock             0x00003901   0x56  Code  Lc  lpc177x_8x_ssp.o [1]
sys_cecond              0x10002fee    0x1  Data  Gb  GPRS.o [1]
sys_day                 0x10002feb    0x1  Data  Gb  GPRS.o [1]
sys_hour                0x10002fec    0x1  Data  Gb  GPRS.o [1]
sys_minute              0x10002fed    0x1  Data  Gb  GPRS.o [1]
sys_month               0x10002fea    0x1  Data  Gb  GPRS.o [1]
sys_year                0x10002fe9    0x1  Data  Gb  GPRS.o [1]
t_user_info             0x10002e48   0x2c  Data  Gb  GPRS.o [1]
txBlockCnt              0x10002fc4    0x4  Data  Gb  lpc177x_8x_mci.o [1]
uart_set_divisors       0x000020e1  0x1b8  Code  Lc  lpc177x_8x_uart.o [1]
write_4_byte            0x00003661   0x64  Code  Gb  Lcd.o [1]


[1] = E:\Codes\ac_charging\GB_3B_1G_CHARGING\proj\Debug\Obj
[2] = command line
[3] = dl7M_tln.a
[4] = m7M_tl.a
[5] = rt7M_tl.a
[6] = shb_l.a

  25 168 bytes of readonly  code memory
   4 172 bytes of readonly  data memory
  14 332 bytes of readwrite data memory

Errors: none
Warnings: none
